0000 0000	1	1	0	0	0	0	0	0	0	1	0	1	0
0000 0001	1	0	1	1	1	1	0	0	1	0	1	1	1
0000 0010	1	0	1	0	0	1	0	1	0	1	1	1	0
0000 0011	0	0	0	1	0	0	1	1	1	1	0	1	1
0000 0100	1	1	0	0	0	0	0	0	0	0	0	1	0
0000 0101	1	1	0	0	0	0	0	0	0	0	0	1	0
0000 0110	1	0	1	0	0	1	0	0	1	1	0	0	0
0000 0111	1	1	0	0	0	0	0	0	0	0	0	0	0
0000 1000	1	1	0	0	0	0	0	0	0	0	0	0	0
0000 1001	1	1	0	0	0	0	0	0	0	1	0	0	0
0000 1010	1	1	0	0	0	0	0	0	0	0	0	0	0
0000 1011	1	0	1	0	0	1	0	0	1	0	0	0	0
0000 1100	1	1	0	0	0	0	0	0	0	0	0	0	0
0000 1101	1	1	0	0	0	0	0	0	0	0	0	0	0
0000 1110	1	1	0	0	0	0	0	0	0	0	0	0	0
0000 1111	1	1	0	0	0	0	0	0	0	0	0	0	0