0000 0000	1	0	0 0000 0001	0 0000 0001	0000 0001
0000 0001	1	0	0 1000 0000	0 1000 0000	1000 0000
0000 0010	0	0	1 1000 0001	0 1000 0001	1000 0001
0000 0011	0	1	1 1111 1111	1 0000 0001	1111 1111
0000 0100	0	0	1 1111 0000	0 1111 0000	1111 0000
0000 0101	1	1	0 1110 1111	1 0001 0001	1110 1111
0000 0110	1	1	0 1111 1101	1 0000 0011	1111 1101
0000 0111	0	1	1 1110 1101	1 0001 0011	1110 1101
0000 1000	0	0	1 1000 0111	0 1000 0111	1000 0111
0000 1001	0	0	1 1001 0110	0 1001 0110	1001 0110
0000 1010	1	1	0 0101 0111	1 1010 1001	0101 0111
0000 1011	0	0	1 1010 1010	0 1010 1010	1010 1010
